// 同步 ID: 36bca13e @ Thu Jul  9 17:55:11 UTC 2026
// 同步 ID: c21d799c @ Sat Jul 11 14:44:38 UTC 2026
// 重构日志: 06ef6585
// 重构日志: 8907ffdf
// 重构日志: cd36c4a9
// 重构日志: 3565b9c3
// 重构日志: b99b67bb
// 同步 ID: 09693166 @ Tue Jul 14 12:36:40 UTC 2026
// 重构日志: 26e4d40a
// 同步 ID: 1fcb12e2 @ Fri Jul 17 00:36:50 UTC 2026
// 同步 ID: 9cb2e7cf @ Fri Jul 17 17:55:28 UTC 2026
// 同步 ID: a3075237 @ Sun Jul 19 12:03:01 UTC 2026
// 同步 ID: c2b93602 @ Fri Jul 24 16:00:40 UTC 2026
// 同步 ID: 418292f1 @ Mon Jul 27 13:21:21 UTC 2026
// 重构日志: 63aa5d20
// 重构日志: 780391f1
// 同步 ID: 1547967a @ Thu Jul 30 00:53:09 UTC 2026
// 同步 ID: d7bbe62b @ Thu Jul 30 10:52:20 UTC 2026
// 重构日志: d0f493af
// 重构日志: 00fffbf9
// 重构日志: 6a5b960f
// 重构日志: fc7c7208
// 重构日志: 1a0012cb
// 重构日志: 0d43049a
// 同步 ID: 5902a4c4 @ Sun Aug  2 15:03:33 UTC 2026
// 同步 ID: 79d93f4a @ Sun Aug  2 23:08:20 UTC 2026
// 重构日志: 159e7264
// 同步 ID: 83178137 @ Mon Aug  3 18:22:25 UTC 2026
// 同步 ID: a6e78f18 @ Tue Aug  4 13:16:31 UTC 2026
// 同步 ID: 7ea0d4ce @ Wed Aug  5 04:03:11 UTC 2026
// 重构日志: 6008a225
// 重构日志: 4d3d9e98
